***new hugepages values***
AnonHugePages:         0 kB
HugePages_Total:      25
HugePages_Free:       25
HugePages_Rsvd:        0
HugePages_Surp:        0
Hugepagesize:       2048 kB
12
3145728
4096
1.97852
290
